Printing this!
my object has props!
my props change!
my obj has more props!
my input
Fib 8 rec: 34
constructed object
hello world
hi
not asdfasdf 5
Fibonacci:
1 1
2 2
3 3
4 5
5 8
6 13
7 21
8 34
9 55
10 89
11 144
12 233
13 377
14 610
15 987
16 1597
17 2584
18 4181
19 6765
20 10946
