Animal constructor called with: Fido
Dog constructor called with: Fido Labrador
My name is Fido and I am a Labrador
My name is Fido
