a: Something
b: something else
input: instance1
a: Something
b: something else
input: instance2
